// Jest Snapshot v1, https://goo.gl/fbAQLP

exports[`Index renders the App component correctly 1`] = `""`;
